../Core/Src/main.c:57:5:__io_putchar	16	static
../Core/Src/main.c:85:6:preemptive	24	static
../Core/Src/main.c:94:6:yielding	24	static
../Core/Src/main.c:107:6:print_continuously	8	static
../Core/Src/main.c:113:6:print_one	8	static
../Core/Src/main.c:122:6:print_two	8	static
../Core/Src/main.c:131:6:jumpAssembly	16	static,ignoring_inline_asm
../Core/Src/main.c:139:6:run_thread	4	static,ignoring_inline_asm
../Core/Src/main.c:143:6:print_success	4	static,ignoring_inline_asm
../Core/Src/main.c:148:6:print_working	4	static,ignoring_inline_asm
../Core/Src/main.c:152:6:print_exiting	4	static,ignoring_inline_asm
../Core/Src/main.c:156:6:thread_function	24	static
../Core/Src/main.c:170:5:main	24	static
../Core/Src/main.c:266:6:SystemClock_Config	88	static
../Core/Src/main.c:313:13:MX_USART2_UART_Init	8	static
../Core/Src/main.c:346:13:MX_GPIO_Init	48	static
../Core/Src/main.c:386:6:Error_Handler	4	static,ignoring_inline_asm
